moved {{15} {20}}
Alice (engineer, age 30)
Bob (designer, age 25)
Hello, World!
Hi, World!
Hello, World?
20 42
Circle(2) => area 12.56636
Rectangle(3, 4) => area 12
Point2() => area 0
Right(20)
error: 7 is odd
Value is 10
Alice is an adult
Bob is a minor
Charlie is a senior
42 is an even number
string: hello
Area 1: 50
Area 2: 314.159
15 12
i = 0
i = 1
i = 2
countdown 3
countdown 2
countdown 1
Alice is 30 years old
Next year: 31
Price: $99
Padded: 00030
Fixed point: 3.14
6
0
15
42
Some(42) Some(84) 6 true
Array(4, 8, 12)
Array(10, 20, 30)
default
actual
Temp dir ok: true
43
ok: 43
1, 2, 3, 4, 5
hello world

92
None()
A
Array(1, 1, 3, 4, 5, 9)
Array(9, 5, 4, 3, 1, 1)
Array(1, 3, 5, 7, 9)
List(apple, banana, cherry)
Array(10, 20, 30)
Array(1, 3, 5)
Array()
hello
